2026-03-25T17:34:00.84956114-04:00 Dependencies are up to date, skipping installation
2026-03-25T17:34:00.849592516-04:00 Executing: npm start
2026-03-25T17:34:00.994922555-04:00 
2026-03-25T17:34:00.994962383-04:00 > yggdratech@1.0.0 start
2026-03-25T17:34:00.994971117-04:00 > node server.js
2026-03-25T17:34:00.994977286-04:00 
2026-03-25T17:34:01.035822844-04:00 /app/server.js:78
2026-03-25T17:34:01.035872824-04:00 });
2026-03-25T17:34:01.03588601-04:00 ^
2026-03-25T17:34:01.035896388-04:00 
2026-03-25T17:34:01.035904779-04:00 SyntaxError: Unexpected token '}'
2026-03-25T17:34:01.035913729-04:00     at wrapSafe (node:internal/modules/cjs/loader:1662:18)
2026-03-25T17:34:01.035921939-04:00     at Module._compile (node:internal/modules/cjs/loader:1704:20)
2026-03-25T17:34:01.035929584-04:00     at Object..js (node:internal/modules/cjs/loader:1895:10)
2026-03-25T17:34:01.035937458-04:00     at Module.load (node:internal/modules/cjs/loader:1465:32)
2026-03-25T17:34:01.035945131-04:00     at Function._load (node:internal/modules/cjs/loader:1282:12)
2026-03-25T17:34:01.035952802-04:00     at TracingChannel.traceSync (node:diagnostics_channel:322:14)
2026-03-25T17:34:01.035960293-04:00     at wrapModuleLoad (node:internal/modules/cjs/loader:235:24)
2026-03-25T17:34:01.035969672-04:00     at Function.executeUserEntryPoint [as runMain] (node:internal/modules/run_main:171:5)
2026-03-25T17:34:01.03598106-04:00     at node:internal/main/run_main_module:36:49
2026-03-25T17:34:01.035990177-04:00 
2026-03-25T17:34:01.035999947-04:00 Node.js v22.17.1