2026-03-25T16:56:43.879306294-04:00 Dependencies are up to date, skipping installation
2026-03-25T16:56:43.879508904-04:00 Executing: npm start
2026-03-25T16:56:44.004983123-04:00 
2026-03-25T16:56:44.005032636-04:00 > yggdratech@1.0.0 start
2026-03-25T16:56:44.005047949-04:00 > node server.js
2026-03-25T16:56:44.005058762-04:00 
2026-03-25T16:56:44.123583332-04:00 Server is running on port 80
2026-03-25T16:56:49.372575718-04:00 2026-03-25T20:56:49.372Z - GET /
2026-03-25T16:56:50.652622397-04:00 2026-03-25T20:56:50.652Z - GET /
2026-03-25T16:57:13.349315268-04:00 2026-03-25T20:57:13.348Z - GET /
2026-03-25T16:59:14.631437665-04:00 2026-03-25T20:59:14.631Z - GET /
2026-03-25T16:59:24.841469073-04:00 2026-03-25T20:59:24.841Z - GET /
2026-03-25T16:59:25.11910338-04:00 2026-03-25T20:59:25.118Z - GET /css/style.css?v=1.5
2026-03-25T16:59:25.136593539-04:00 2026-03-25T20:59:25.136Z - GET /js/script.js
2026-03-25T16:59:25.371519686-04:00 2026-03-25T20:59:25.371Z - GET /img/YggdraTech.jpeg
2026-03-25T16:59:25.401400241-04:00 2026-03-25T20:59:25.401Z - GET /img/banner.jpg
2026-03-25T16:59:26.246590204-04:00 2026-03-25T20:59:26.246Z - GET /favicon.ico
2026-03-25T16:59:49.315470004-04:00 2026-03-25T20:59:49.315Z - GET /
2026-03-25T16:59:49.321597521-04:00 2026-03-25T20:59:49.321Z - GET /favicon.ico
2026-03-25T16:59:49.417987213-04:00 2026-03-25T20:59:49.417Z - GET /
2026-03-25T16:59:49.444732872-04:00 2026-03-25T20:59:49.444Z - GET /apple-touch-icon.png
2026-03-25T16:59:49.447646004-04:00 2026-03-25T20:59:49.447Z - GET /apple-touch-icon-precomposed.png
2026-03-25T16:59:49.741714702-04:00 2026-03-25T20:59:49.741Z - GET /apple-touch-icon-120x120-precomposed.png
2026-03-25T16:59:50.11660512-04:00 2026-03-25T20:59:50.116Z - GET /apple-touch-icon-120x120.png
2026-03-25T16:59:50.335954079-04:00 2026-03-25T20:59:50.335Z - GET /apple-touch-icon-precomposed.png
2026-03-25T16:59:50.565238216-04:00 2026-03-25T20:59:50.565Z - GET /apple-touch-icon.png
2026-03-25T16:59:50.905506632-04:00 2026-03-25T20:59:50.905Z - GET /favicon.ico
2026-03-25T16:59:51.51670501-04:00 2026-03-25T20:59:51.516Z - GET /favicon.ico
2026-03-25T16:59:51.519422696-04:00 2026-03-25T20:59:51.519Z - GET /apple-touch-icon-precomposed.png
2026-03-25T16:59:51.521732788-04:00 2026-03-25T20:59:51.521Z - GET /apple-touch-icon.png
2026-03-25T17:00:04.037486798-04:00 2026-03-25T21:00:04.037Z - GET /
2026-03-25T17:00:04.33039471-04:00 2026-03-25T21:00:04.330Z - GET /css/style.css?v=1.5
2026-03-25T17:00:04.341421671-04:00 2026-03-25T21:00:04.341Z - GET /js/script.js
2026-03-25T17:00:04.635759067-04:00 2026-03-25T21:00:04.635Z - GET /img/YggdraTech.jpeg
2026-03-25T17:00:04.646144469-04:00 2026-03-25T21:00:04.645Z - GET /img/banner.jpg
2026-03-25T17:00:05.506343716-04:00 2026-03-25T21:00:05.506Z - GET /favicon.ico
2026-03-25T17:00:05.506730784-04:00 2026-03-25T21:00:05.506Z - GET /apple-touch-icon-precomposed.png
2026-03-25T17:00:05.508849537-04:00 2026-03-25T21:00:05.508Z - GET /apple-touch-icon.png
2026-03-25T17:00:31.801882971-04:00 2026-03-25T21:00:31.801Z - GET /
2026-03-25T17:00:31.813347929-04:00 2026-03-25T21:00:31.813Z - GET /
2026-03-25T17:01:11.438829572-04:00 2026-03-25T21:01:11.438Z - GET /
2026-03-25T17:01:11.791491364-04:00 2026-03-25T21:01:11.791Z - GET /css/style.css?v=1.5
2026-03-25T17:01:11.805389032-04:00 2026-03-25T21:01:11.805Z - GET /js/script.js
2026-03-25T17:01:12.111149431-04:00 2026-03-25T21:01:12.110Z - GET /img/YggdraTech.jpeg
2026-03-25T17:01:12.127382285-04:00 2026-03-25T21:01:12.127Z - GET /img/banner.jpg
2026-03-25T17:01:12.573268722-04:00 2026-03-25T21:01:12.572Z - GET /favicon.ico
2026-03-25T17:01:27.127965616-04:00 2026-03-25T21:01:27.127Z - GET /
2026-03-25T17:01:27.302084353-04:00 2026-03-25T21:01:27.301Z - GET /css/style.css?v=1.5
2026-03-25T17:01:27.316350065-04:00 2026-03-25T21:01:27.316Z - GET /js/script.js
2026-03-25T17:01:27.704005502-04:00 2026-03-25T21:01:27.703Z - GET /img/YggdraTech.jpeg
2026-03-25T17:01:27.714251879-04:00 2026-03-25T21:01:27.714Z - GET /img/banner.jpg
2026-03-25T17:01:27.765557981-04:00 2026-03-25T21:01:27.765Z - GET /favicon.ico
2026-03-25T17:03:51.871991405-04:00 2026-03-25T21:03:51.871Z - GET /
2026-03-25T17:04:08.020248281-04:00 2026-03-25T21:04:08.019Z - GET /
2026-03-25T17:04:08.235465309-04:00 2026-03-25T21:04:08.235Z - GET /css/style.css?v=1.5
2026-03-25T17:04:08.241737654-04:00 2026-03-25T21:04:08.241Z - GET /js/script.js
2026-03-25T17:04:08.428048564-04:00 2026-03-25T21:04:08.427Z - GET /img/banner.jpg
2026-03-25T17:04:08.440558002-04:00 2026-03-25T21:04:08.440Z - GET /img/YggdraTech.jpeg
2026-03-25T17:04:08.947344789-04:00 2026-03-25T21:04:08.947Z - GET /favicon.ico
2026-03-25T17:06:52.675541461-04:00 2026-03-25T21:06:52.675Z - GET /
2026-03-25T17:06:52.699435856-04:00 2026-03-25T21:06:52.699Z - GET /favicon.ico
2026-03-25T17:06:52.72384837-04:00 2026-03-25T21:06:52.723Z - GET /favicon.png
2026-03-25T17:07:41.442230103-04:00 2026-03-25T21:07:41.441Z - GET /
2026-03-25T17:07:41.483751634-04:00 2026-03-25T21:07:41.483Z - GET /js/script.js
2026-03-25T17:07:41.493259442-04:00 2026-03-25T21:07:41.493Z - GET /css/style.css?v=1.5
2026-03-25T17:07:41.533073257-04:00 2026-03-25T21:07:41.532Z - GET /img/YggdraTech.jpeg
2026-03-25T17:07:41.55993117-04:00 2026-03-25T21:07:41.559Z - GET /img/banner.jpg
2026-03-25T17:07:41.670002666-04:00 2026-03-25T21:07:41.669Z - GET /favicon.ico
2026-03-25T17:07:42.53456309-04:00 2026-03-25T21:07:42.534Z - GET /