2026-03-25T17:22:40.197667665-04:00 Dependencies are up to date, skipping installation
2026-03-25T17:22:40.197735447-04:00 Executing: npm start
2026-03-25T17:22:40.322534607-04:00 
2026-03-25T17:22:40.322575214-04:00 > yggdratech@1.0.0 start
2026-03-25T17:22:40.322583601-04:00 > node server.js
2026-03-25T17:22:40.322589698-04:00 
2026-03-25T17:22:40.49522127-04:00 Server is running on port 80
2026-03-25T17:27:01.809869938-04:00 2026-03-25T21:27:01.809Z - GET /
2026-03-25T17:27:02.051774982-04:00 2026-03-25T21:27:02.051Z - GET /css/style.css?v=1.5
2026-03-25T17:27:02.056806964-04:00 2026-03-25T21:27:02.056Z - GET /js/script.js
2026-03-25T17:27:02.368369536-04:00 2026-03-25T21:27:02.367Z - GET /img/banner.jpg
2026-03-25T17:27:02.373368439-04:00 2026-03-25T21:27:02.373Z - GET /img/YggdraTech.jpeg
2026-03-25T17:27:03.039410457-04:00 2026-03-25T21:27:03.039Z - GET /favicon.ico
2026-03-25T17:27:08.141574038-04:00 2026-03-25T21:27:08.141Z - GET /
2026-03-25T17:27:08.288537306-04:00 2026-03-25T21:27:08.288Z - GET /css/style.css?v=1.5
2026-03-25T17:27:08.291372765-04:00 2026-03-25T21:27:08.291Z - GET /js/script.js
2026-03-25T17:27:08.589510044-04:00 2026-03-25T21:27:08.589Z - GET /img/banner.jpg
2026-03-25T17:27:08.592019394-04:00 2026-03-25T21:27:08.591Z - GET /img/YggdraTech.jpeg
2026-03-25T17:27:08.868884599-04:00 2026-03-25T21:27:08.868Z - GET /favicon.ico
2026-03-25T17:28:49.221553937-04:00 2026-03-25T21:28:49.221Z - GET /robots.txt