2026-03-25T17:35:48.906538258-04:00 Dependencies are up to date, skipping installation
2026-03-25T17:35:48.906604272-04:00 Executing: npm start
2026-03-25T17:35:49.038930518-04:00 
2026-03-25T17:35:49.038983464-04:00 > yggdratech@1.0.0 start
2026-03-25T17:35:49.038994781-04:00 > node server.js
2026-03-25T17:35:49.039003408-04:00 
2026-03-25T17:35:49.157987635-04:00 Server running on port 80
2026-03-25T17:35:55.062798472-04:00 2026-03-25T21:35:55.062Z - GET /
2026-03-25T17:36:28.957441587-04:00 2026-03-25T21:36:28.957Z - POST /api/chat
2026-03-25T17:38:53.986704725-04:00 2026-03-25T21:38:53.986Z - POST /api/chat
2026-03-25T17:38:56.286345089-04:00 2026-03-25T21:38:56.286Z - GET /
2026-03-25T17:38:56.471814329-04:00 2026-03-25T21:38:56.471Z - GET /assets/js/auth.js
2026-03-25T17:38:56.665100791-04:00 2026-03-25T21:38:56.664Z - GET /bot-connect.js
2026-03-25T17:38:56.858241823-04:00 2026-03-25T21:38:56.858Z - GET /robots.txt
2026-03-25T17:38:57.058532396-04:00 2026-03-25T21:38:57.058Z - GET /js/script.js
2026-03-25T17:38:58.91471241-04:00 2026-03-25T21:38:58.914Z - GET /css/support_parent.css
2026-03-25T17:38:59.110652644-04:00 2026-03-25T21:38:59.110Z - GET /js/twint_ch.js
2026-03-25T17:38:59.304339195-04:00 2026-03-25T21:38:59.304Z - GET /css/style.css?v=1.5
2026-03-25T17:38:59.505230662-04:00 2026-03-25T21:38:59.505Z - GET /assets/js/qr_modal.js
2026-03-25T17:38:59.696891948-04:00 2026-03-25T21:38:59.696Z - GET /static/style/sys_files/index.js
2026-03-25T17:38:59.904844447-04:00 2026-03-25T21:38:59.904Z - GET /assets/js/message.js
2026-03-25T17:39:04.89787316-04:00 2026-03-25T21:39:04.897Z - GET /static/style/protect/index.js
2026-03-25T17:39:59.129463788-04:00 2026-03-25T21:39:59.129Z - GET /
2026-03-25T17:39:59.422165937-04:00 2026-03-25T21:39:59.421Z - GET /css/style.css?v=1.5
2026-03-25T17:39:59.442593281-04:00 2026-03-25T21:39:59.442Z - GET /js/script.js
2026-03-25T17:39:59.67550751-04:00 2026-03-25T21:39:59.675Z - GET /img/banner.jpg
2026-03-25T17:39:59.683574908-04:00 2026-03-25T21:39:59.683Z - GET /img/YggdraTech.jpeg
2026-03-25T17:40:00.419351191-04:00 2026-03-25T21:40:00.419Z - GET /favicon.ico
2026-03-25T17:40:06.434856388-04:00 2026-03-25T21:40:06.434Z - POST /api/chat
2026-03-25T17:40:23.529160418-04:00 2026-03-25T21:40:23.528Z - POST /api/chat
2026-03-25T17:40:55.632342809-04:00 2026-03-25T21:40:55.632Z - GET /
2026-03-25T17:41:10.814602653-04:00 2026-03-25T21:41:10.814Z - POST /api/chat
2026-03-25T17:41:47.326469529-04:00 2026-03-25T21:41:47.326Z - GET /
2026-03-25T17:41:47.540080057-04:00 2026-03-25T21:41:47.539Z - GET /css/style.css?v=1.5
2026-03-25T17:41:47.549326582-04:00 2026-03-25T21:41:47.549Z - GET /js/script.js
2026-03-25T17:41:47.783927286-04:00 2026-03-25T21:41:47.783Z - GET /img/YggdraTech.jpeg
2026-03-25T17:41:47.785875333-04:00 2026-03-25T21:41:47.785Z - GET /img/banner.jpg
2026-03-25T17:41:47.815089992-04:00 2026-03-25T21:41:47.814Z - GET /favicon.ico
2026-03-25T17:42:01.616549593-04:00 2026-03-25T21:42:01.616Z - POST /api/chat
2026-03-25T17:43:03.601345336-04:00 2026-03-25T21:43:03.601Z - POST /api/chat
2026-03-25T17:43:36.214404302-04:00 2026-03-25T21:43:36.214Z - POST /api/chat
2026-03-25T17:44:06.445659372-04:00 2026-03-25T21:44:06.445Z - POST /api/chat
2026-03-25T17:44:37.173314078-04:00 2026-03-25T21:44:37.172Z - POST /api/chat
2026-03-25T17:46:01.480065257-04:00 2026-03-25T21:46:01.479Z - POST /api/chat
2026-03-25T17:46:14.204857323-04:00 2026-03-25T21:46:14.204Z - POST /api/chat